FBX version: 7700
FBX version: 7400
ROUNDTRIP Normal attack corrected.fbx BONES 33 MAX REST ERROR 1.195073127746582e-05 ACTION RANGE [1.0, 34.0]
HAND REST [[0.179406, -0.983097, -0.036522, -0.299206], [0.15601, 0.065085, -0.985609, 0.75307], [0.971326, 0.171126, 0.16505, 0.013673], [0.0, 0.0, 0.0, 1.0]]
FRAME 1 HAND ERROR 1.3556283057585485e-07 RIGHT HEAD [-0.03584078326821327, 0.6675702929496765, 0.20291845500469208]
FRAME 19 HAND ERROR 2.60770320892334e-07 RIGHT HEAD [0.06568869948387146, 0.5806012749671936, 0.41951149702072144]
FRAME 34 HAND ERROR 2.573485435471562e-07 RIGHT HEAD [-0.035841070115566254, 0.6675704121589661, 0.20291870832443237]
FBX version: 7400
ROUNDTRIP Hard jump attack corrected.fbx BONES 33 MAX REST ERROR 1.195073127746582e-05 ACTION RANGE [1.0, 44.0]
HAND REST [[0.179406, -0.983097, -0.036522, -0.299206], [0.15601, 0.065085, -0.985609, 0.75307], [0.971326, 0.171126, 0.16505, 0.013673], [0.0, 0.0, 0.0, 1.0]]
FRAME 1 HAND ERROR 2.03224743857769e-07 RIGHT HEAD [-0.060138531029224396, 0.6406126022338867, 0.24140654504299164]
FRAME 19 HAND ERROR 1.0745380149674383e-07 RIGHT HEAD [0.014197233133018017, 0.9349092841148376, 1.0746018886566162]
FRAME 34 HAND ERROR 1.7881393432617188e-07 RIGHT HEAD [0.0030711847357451916, 0.5987928509712219, 1.6921050548553467]
FBX version: 7400
ROUNDTRIP Two handed battle idle.fbx BONES 33 MAX REST ERROR 1.195073127746582e-05 ACTION RANGE [1.0, 61.0]
HAND REST [[0.179406, -0.983097, -0.036522, -0.299206], [0.15601, 0.065085, -0.985609, 0.75307], [0.971326, 0.171126, 0.16505, 0.013673], [0.0, 0.0, 0.0, 1.0]]
FRAME 1 HAND ERROR 4.076438378934585e-07 RIGHT HEAD [-0.01944448985159397, 0.6593940854072571, 0.1326415240764618]
FRAME 19 HAND ERROR 4.273705246488649e-07 RIGHT HEAD [0.013123465701937675, 0.6617574691772461, 0.24111390113830566]
FRAME 34 HAND ERROR 2.669762502188819e-07 RIGHT HEAD [0.01220990065485239, 0.6650355458259583, 0.3003866970539093]
FBX version: 7400
ROUNDTRIP Enter battle corrected.fbx BONES 33 MAX REST ERROR 1.195073127746582e-05 ACTION RANGE [1.0, 37.0]
HAND REST [[0.179406, -0.983097, -0.036522, -0.299206], [0.15601, 0.065085, -0.985609, 0.75307], [0.971326, 0.171126, 0.16505, 0.013673], [0.0, 0.0, 0.0, 1.0]]
FRAME 1 HAND ERROR 2.2525687930076989e-07 RIGHT HEAD [-0.05297599732875824, 0.5837216973304749, 0.17301474511623383]
FRAME 19 HAND ERROR 1.3086081038755918e-06 RIGHT HEAD [-0.03406453877687454, 0.62038654088974, 0.8847489953041077]
FRAME 34 HAND ERROR 2.7887474406082783e-07 RIGHT HEAD [-0.05499850586056709, 0.6141209602355957, 1.5187976360321045]
Blender 5.2.2 LTS (hash d13f752e3b9c built 2026-09-15 01:37:04)

Blender quit
