[Licensing::Module] Trying to connect to existing licensing client channel...
Built from '6000.3/staging' branch; Version is '6000.3.19f1 (7689f4515d75) revision 7768564'; Using compiler version '194234433'; Build Type 'Release'
[Licensing::IpcConnector] Successfully connected to: "LicenseClient-tim" at "2026-09-29T22:34:38.2349856Z"
OS: 'Windows 10  (10.0.19044) 64bit EnterpriseS' Language: 'ru' Physical Memory: 32536 MB
BatchMode: 1, IsHumanControllingUs: 0, StartBugReporterOnCrash: 0, Is64bit: 1
System  architecture: x64
Process architecture: x64
Date: 2026-09-29T22:34:38Z
[Licensing::Client] Code 10 while verifying Licensing Client signature (process Id: 18444, path: "D:/BOT/Unity Hub/UnityLicensingClient_V1/Unity.Licensing.Client.exe")
[Licensing::Module] LicensingClient has failed validation; ignoring
[Licensing::Client] Handshaking with LicensingClient:
  Version:                 1.18.3+d7ffd15
  Session Id:              a7638a92656743e7a3e89b28649a46b8
  Correlation Id:          3e8994e4b2b40360d5fd196aa2b663d9
  External correlation Id: 8435418202921532961
  Machine Id:              oTNjJO4DzpMymFT5Gtg2J/cBqjA=
[Licensing::Module] Successfully connected to LicensingClient on channel: "LicenseClient-tim" (connect: 0.00s, validation: 0.00s, handshake: 0.03s)
[Licensing::IpcConnector] Successfully connected to: "LicenseClient-tim-notifications" at "2026-09-29T22:34:38.2660978Z"
[Licensing::Module] Error: Access token is unavailable; failed to update
[Licensing::Client] Successfully resolved entitlement details
[Licensing::Module] License group:
  Id: F4-B2VC-NVKS-U9WP-P4Q7-XXXX
  Product: Unity Personal
  Type: ULF
  Expiration: Unlimited
[Licensing::Module] License group:
  Id: 11270668014681-UnityPersXXXX
  Product: Unity Personal
  Type: Assigned
  Expiration: Unlimited
[Licensing::Client] Successfully updated license, isAsync: True, time: 0.00
[Licensing::Client] Successfully resolved entitlement details
[Licensing::Module] License group:
  Id: F4-B2VC-NVKS-U9WP-P4Q7-XXXX
  Product: Unity Personal
  Type: ULF
  Expiration: Unlimited
[Licensing::Module] License group:
  Id: 11270668014681-UnityPersXXXX
  Product: Unity Personal
  Type: Assigned
  Expiration: Unlimited
[Licensing::Module] Licensing Background thread has ended after 0.04s

COMMAND LINE ARGUMENTS:
D:\BOT\6000.3.19f1\Editor\Unity.exe
-batchmode
-nographics
-quit
-projectPath
D:\Rokas\Rokas-FULL-R11-FINISHED-UI COPY
-executeMethod
Rokas.Editor.ReactiveCombatActorLibraryBuilder.Build
-logFile
D:\Rokas\reactiveturns-b2-staging\builder.log
Successfully changed project path to: D:\Rokas\Rokas-FULL-R11-FINISHED-UI COPY
D:/Rokas/Rokas-FULL-R11-FINISHED-UI COPY
[UnityMemory] Configuration Parameters - Can be set up in boot.config
    "memorysetup-temp-allocator-size-nav-mesh-worker=65536"
    "memorysetup-temp-allocator-size-audio-worker=65536"
    "memorysetup-temp-allocator-size-gfx=262144"
    "memorysetup-allocator-temp-initial-block-size-main=262144"
    "memorysetup-allocator-temp-initial-block-size-worker=262144"
    "memorysetup-temp-allocator-size-background-worker=32768"
    "memorysetup-temp-allocator-size-job-worker=262144"
    "memorysetup-temp-allocator-size-preload-manager=33554432"
    "memorysetup-temp-allocator-size-gi-baking-worker=262144"
    "memorysetup-temp-allocator-size-gi-baking-worker=262144"
    "memorysetup-temp-allocator-size-gi-baking-worker=262144"
    "memorysetup-temp-allocator-size-gi-baking-worker=262144"
    "memorysetup-temp-allocator-size-gi-baking-worker=262144"
    "memorysetup-bucket-allocator-granularity=16"
    "memorysetup-bucket-allocator-bucket-count=8"
    "memorysetup-bucket-allocator-block-size=33554432"
    "memorysetup-bucket-allocator-block-count=8"
    "memorysetup-main-allocator-block-size=16777216"
    "memorysetup-thread-allocator-block-size=16777216"
    "memorysetup-gfx-main-allocator-block-size=16777216"
    "memorysetup-gfx-thread-allocator-block-size=16777216"
    "memorysetup-cache-allocator-block-size=4194304"
    "memorysetup-typetree-allocator-block-size=2097152"
    "memorysetup-profiler-bucket-allocator-granularity=16"
    "memorysetup-profiler-bucket-allocator-bucket-count=8"
    "memorysetup-profiler-bucket-allocator-block-size=33554432"
    "memorysetup-profiler-bucket-allocator-block-count=8"
    "memorysetup-profiler-allocator-block-size=16777216"
    "memorysetup-profiler-editor-allocator-block-size=1048576"
    "memorysetup-temp-allocator-size-main=16777216"
    "memorysetup-job-temp-allocator-block-size=2097152"
    "memorysetup-job-temp-allocator-block-size-background=1048576"
    "memorysetup-job-temp-allocator-reduction-small-platforms=262144"
    "memorysetup-temp-allocator-size-cloud-worker=32768"
Player connection [20272]  Target information:

Player connection [20272]  * "[IP] 192.168.0.104 [Port] 55504 [Flags] 2 [Guid] 2582842248 [EditorId] 2582842248 [Version] 1048832 [Id] WindowsEditor(7,DESKTOP-D93MEKN) [Debug] 1 [PackageName] WindowsEditor [ProjectName] Editor"

Player connection [20272]  * "[IP] 172.22.0.1 [Port] 55504 [Flags] 2 [Guid] 2582842248 [EditorId] 2582842248 [Version] 1048832 [Id] WindowsEditor(7,DESKTOP-D93MEKN) [Debug] 1 [PackageName] WindowsEditor [ProjectName] Editor"

Player connection [20272]  * "[IP] 172.19.0.1 [Port] 55504 [Flags] 2 [Guid] 2582842248 [EditorId] 2582842248 [Version] 1048832 [Id] WindowsEditor(7,DESKTOP-D93MEKN) [Debug] 1 [PackageName] WindowsEditor [ProjectName] Editor"

Player connection [20272] Host joined multi-casting on [225.0.0.222:54997]...
Player connection [20272] Host joined alternative multi-casting on [225.0.0.222:34997]...
Input System module state changed to: Initialized.
[Physics::Module] Initialized fallback backend.
[Physics::Module] Id: 0xdecafbad
[Package Manager] Connected to IPC stream "Upm-5472" after 0.2 seconds.
[Licensing::Client] Successfully resolved entitlement details
[Licensing::Module] License group:
  Id: F4-B2VC-NVKS-U9WP-P4Q7-XXXX
  Product: Unity Personal
  Type: ULF
  Expiration: Unlimited
[Licensing::Module] License group:
  Id: 11270668014681-UnityPersXXXX
  Product: Unity Personal
  Type: Assigned
  Expiration: Unlimited
Library Redirect Path: Library/
[Physics::Module] Selected backend.
[Physics::Module] Name: PhysX
[Physics::Module] Id: 0xf2b8ea05
[Physics::Module] SDK Version: 4.1.2
[Physics::Module] Integration Version: 1.0.0
[Physics::Module] Threading Mode: Multi-Threaded
Refreshing native plugins compatible for Editor in 0.05 ms, found 0 plugins.
Preloading 0 native plugins for Editor in 0.00 ms.
Initialize engine version: 6000.3.19f1 (7689f4515d75)
[Subsystems] Discovering subsystems at path D:/BOT/6000.3.19f1/Editor/Data/Resources/UnitySubsystems
[Subsystems] Discovering subsystems at path D:/Rokas/Rokas-FULL-R11-FINISHED-UI COPY/Assets
Forcing GfxDevice: Null
GfxDevice: creating device client; kGfxThreadingModeNonThreaded
NullGfxDevice:
    Version:  NULL 1.0 [1.0]
    Renderer: Null Device
    Vendor:   Unity Technologies
Initialize mono
Mono path[0] = 'D:/BOT/6000.3.19f1/Editor/Data/Managed'
Mono path[1] = 'D:/BOT/6000.3.19f1/Editor/Data/MonoBleedingEdge/lib/mono/unityjit-win32'
Mono config path = 'D:/BOT/6000.3.19f1/Editor/Data/MonoBleedingEdge/etc'
Using monoOptions --debugger-agent=transport=dt_socket,embedding=1,server=y,suspend=n,address=127.0.0.1:56472
Using cacheserver namespaces - metadata:defaultmetadata, artifacts:defaultartifacts
Using cacheserver namespaces - metadata:defaultmetadata, artifacts:defaultartifacts
ImportWorker Server TCP listen port: 0
AcceleratorClientConnectionCallback - disconnected - :0
Begin MonoManager ReloadAssembly
Registering precompiled unity dll's ...
Register platform support module: D:/BOT/6000.3.19f1/Editor/Data/PlaybackEngines/WindowsStandaloneSupport/UnityEditor.WindowsStandalone.Extensions.dll
Registered in 0.000964 seconds.
- Loaded All Assemblies, in  0.326 seconds
Native extension for WindowsStandalone target not found
Package Manager log level set to [2]
ScheduleIndexationOnStartup MainProcess:False IndexOnStartup:True
Mono: successfully reloaded assembly
- Finished resetting the current domain, in  0.330 seconds
Domain Reload Profiling: 655ms
	BeginReloadAssembly (102ms)
		ExecutionOrderSort (0ms)
		DisableScriptedObjects (0ms)
		BackupInstance (0ms)
		ReleaseScriptingObjects (0ms)
		CreateAndSetChildDomain (1ms)
	RebuildCommonClasses (32ms)
	RebuildNativeTypeToScriptingClass (11ms)
	initialDomainReloadingComplete (36ms)
	LoadAllAssembliesAndSetupDomain (144ms)
		LoadAssemblies (100ms)
		RebuildTransferFunctionScriptingTraits (0ms)
		AnalyzeDomain (141ms)
			TypeCache.Refresh (140ms)
				TypeCache.ScanAssembly (128ms)
			BuildScriptInfoCaches (0ms)
			ResolveRequiredComponents (0ms)
	FinalizeReload (330ms)
		ReleaseScriptCaches (0ms)
		RebuildScriptCaches (0ms)
		SetupLoadedEditorAssemblies (299ms)
			LogAssemblyErrors (0ms)
			InitializePlatformSupportModulesInManaged (39ms)
			SetLoadedEditorAssemblies (3ms)
			BeforeProcessingInitializeOnLoad (72ms)
			ProcessInitializeOnLoadAttributes (116ms)
			ProcessInitializeOnLoadMethodAttributes (68ms)
			AfterProcessingInitializeOnLoad (0ms)
			EditorAssembliesLoaded (0ms)
		ExecutionOrderSort2 (0ms)
		AwakeInstancesAfterBackupRestoration (0ms)
[Licensing::Client] Successfully resolved entitlement details
[Licensing::Module] License group:
  Id: F4-B2VC-NVKS-U9WP-P4Q7-XXXX
  Product: Unity Personal
  Type: ULF
  Expiration: Unlimited
[Licensing::Module] License group:
  Id: 11270668014681-UnityPersXXXX
  Product: Unity Personal
  Type: Assigned
  Expiration: Unlimited
Application.AssetDatabase Initial Refresh Start
[Package Manager] Restoring resolved packages state from cache
[Licensing::Client] Successfully resolved entitlement details
[Package Manager] Registered 18 packages:
  Packages from [https://packages.unity.com]:
    com.unity.inputsystem@1.20.0 (location: D:\Rokas\Rokas-FULL-R11-FINISHED-UI COPY\Library\PackageCache\com.unity.inputsystem@7a4e1a2a8194)
  Built-in packages:
    com.unity.test-framework@1.6.0 (location: D:\Rokas\Rokas-FULL-R11-FINISHED-UI COPY\Library\PackageCache\com.unity.test-framework@bd7f943e9647)
    com.unity.ugui@2.0.0 (location: D:\Rokas\Rokas-FULL-R11-FINISHED-UI COPY\Library\PackageCache\com.unity.ugui@b95364aab964)
    com.unity.modules.animation@1.0.0 (location: D:\Rokas\Rokas-FULL-R11-FINISHED-UI COPY\Library\PackageCache\com.unity.modules.animation)
    com.unity.modules.audio@1.0.0 (location: D:\Rokas\Rokas-FULL-R11-FINISHED-UI COPY\Library\PackageCache\com.unity.modules.audio)
    com.unity.modules.imageconversion@1.0.0 (location: D:\Rokas\Rokas-FULL-R11-FINISHED-UI COPY\Library\PackageCache\com.unity.modules.imageconversion)
    com.unity.modules.imgui@1.0.0 (location: D:\Rokas\Rokas-FULL-R11-FINISHED-UI COPY\Library\PackageCache\com.unity.modules.imgui)
    com.unity.modules.jsonserialize@1.0.0 (location: D:\Rokas\Rokas-FULL-R11-FINISHED-UI COPY\Library\PackageCache\com.unity.modules.jsonserialize)
    com.unity.modules.particlesystem@1.0.0 (location: D:\Rokas\Rokas-FULL-R11-FINISHED-UI COPY\Library\PackageCache\com.unity.modules.particlesystem)
    com.unity.modules.screencapture@1.0.0 (location: D:\Rokas\Rokas-FULL-R11-FINISHED-UI COPY\Library\PackageCache\com.unity.modules.screencapture)
    com.unity.modules.ui@1.0.0 (location: D:\Rokas\Rokas-FULL-R11-FINISHED-UI COPY\Library\PackageCache\com.unity.modules.ui)
    com.unity.modules.uielements@1.0.0 (location: D:\Rokas\Rokas-FULL-R11-FINISHED-UI COPY\Library\PackageCache\com.unity.modules.uielements)
    com.unity.modules.video@1.0.0 (location: D:\Rokas\Rokas-FULL-R11-FINISHED-UI COPY\Library\PackageCache\com.unity.modules.video)
    com.unity.modules.unitywebrequest@1.0.0 (location: D:\Rokas\Rokas-FULL-R11-FINISHED-UI COPY\Library\PackageCache\com.unity.modules.unitywebrequest)
    com.unity.modules.hierarchycore@1.0.0 (location: D:\Rokas\Rokas-FULL-R11-FINISHED-UI COPY\Library\PackageCache\com.unity.modules.hierarchycore)
    com.unity.modules.physics@1.0.0 (location: D:\Rokas\Rokas-FULL-R11-FINISHED-UI COPY\Library\PackageCache\com.unity.modules.physics)
    com.unity.ext.nunit@2.0.5 (location: D:\Rokas\Rokas-FULL-R11-FINISHED-UI COPY\Library\PackageCache\com.unity.ext.nunit@d8c07649098d)
  Git packages:
    dev.yarnspinner.unity@https://github.com/YarnSpinnerTool/YarnSpinner-Unity.git#v3.1.2 (location: D:\Rokas\Rokas-FULL-R11-FINISHED-UI COPY\Library\PackageCache\dev.yarnspinner.unity@e1ba6f471d92)
[Subsystems] No new subsystems found in resolved package list.
[Package Manager] Done registering packages in 0.00 seconds
[ScriptCompilation] Requested script compilation because: Assetdatabase observed changes in script compilation related files
Starting: D:\BOT\6000.3.19f1\Editor\Data\Tools\BuildPipeline\bee_backend.exe --ipc --defer-dag-verification --dagfile="Library/Bee/1900b0aE.dag" --continue-on-failure --profile="Library/Bee/backend1.traceevents" ScriptAssemblies
WorkingDir: D:/Rokas/Rokas-FULL-R11-FINISHED-UI COPY
DisplayProgressbar: Compiling Scripts
ExitCode: 0 Duration: 0s432ms
[333/342    0s] Csc Library/Bee/artifacts/1900b0aE.dag/Rokas.Editor.dll (+2 others)
[340/342    0s] CopyFiles Library/ScriptAssemblies/Rokas.Editor.pdb
[341/342    0s] CopyFiles Library/ScriptAssemblies/Rokas.Editor.dll
*** Tundra build success (0.41 seconds), 3 items updated, 342 evaluated
AssetDatabase: script compilation time: 0.748491s
Begin MonoManager ReloadAssembly
- Loaded All Assemblies, in  0.677 seconds
Refreshing native plugins compatible for Editor in 0.14 ms, found 0 plugins.
Native extension for WindowsStandalone target not found
ScheduleIndexationOnStartup MainProcess:True IndexOnStartup:True
Mono: successfully reloaded assembly
- Finished resetting the current domain, in  0.410 seconds
Domain Reload Profiling: 1085ms
	BeginReloadAssembly (295ms)
		ExecutionOrderSort (0ms)
		DisableScriptedObjects (16ms)
		BackupInstance (0ms)
		ReleaseScriptingObjects (0ms)
		CreateAndSetChildDomain (159ms)
	RebuildCommonClasses (33ms)
	RebuildNativeTypeToScriptingClass (11ms)
	initialDomainReloadingComplete (22ms)
	LoadAllAssembliesAndSetupDomain (313ms)
		LoadAssemblies (248ms)
		RebuildTransferFunctionScriptingTraits (0ms)
		AnalyzeDomain (147ms)
			TypeCache.Refresh (129ms)
				TypeCache.ScanAssembly (120ms)
			BuildScriptInfoCaches (13ms)
			ResolveRequiredComponents (3ms)
	FinalizeReload (410ms)
		ReleaseScriptCaches (0ms)
		RebuildScriptCaches (0ms)
		SetupLoadedEditorAssemblies (299ms)
			LogAssemblyErrors (0ms)
			InitializePlatformSupportModulesInManaged (20ms)
			SetLoadedEditorAssemblies (2ms)
			BeforeProcessingInitializeOnLoad (101ms)
			ProcessInitializeOnLoadAttributes (136ms)
			ProcessInitializeOnLoadMethodAttributes (37ms)
			AfterProcessingInitializeOnLoad (3ms)
			EditorAssembliesLoaded (0ms)
		ExecutionOrderSort2 (0ms)
		AwakeInstancesAfterBackupRestoration (20ms)
Refreshing native plugins compatible for Editor in 0.16 ms, found 0 plugins.
Preloading 0 native plugins for Editor in 0.00 ms.
Asset Pipeline Refresh (id=b934a2a4e68f9f34d8e0bc21b3874dd2): Total: 2.062 seconds - Initiated by InitialRefreshV2(ForceSynchronousImport)
	Summary:
		Imports: total=0 (actual=0, local cache=0, cache server=0)
		Asset DB Process Time: managed=0 ms, native=530 ms
		Asset DB Callback time: managed=85 ms, native=6 ms
		Scripting: domain reloads=1, domain reload time=677 ms, compile time=750 ms, other=12 ms
		Project Asset Count: scripts=432, non-scripts=566
		Asset File Changes: new=0, changed=1, moved=0, deleted=0
		Scan Filter Count: 0
	InvokeCustomDependenciesCallbacks: 0.001ms
	InvokePackagesCallback: 4.280ms
	ApplyChangesToAssetFolders: 0.252ms
	Scan: 21.450ms
	OnSourceAssetsModified: 0.747ms
	CategorizeAssetsWithTransientArtifact: 10.308ms
	ProcessAssetsWithTransientArtifactChanges: 17.852ms
	CategorizeAssets: 7.905ms
	ImportOutOfDateAssets: 412.230ms (-338.331ms without children)
		CompileScripts: 750.135ms
		ReloadNativeAssets: 0.000ms
		UnloadImportedAssets: 0.081ms
		EnsureUptoDateAssetsAreRegisteredWithGuidPM: 0.127ms
		InitializingProgressBar: 0.001ms
		PostProcessAllAssetNotificationsAddChangedAssets: 0.000ms
		OnDemandSchedulerStart: 0.218ms
	PostProcessAllAssets: 87.107ms
	Hotreload: 0.802ms
	GatherAllCurrentPrimaryArtifactRevisions: 0.002ms
	UnloadStreamsBegin: 1.110ms
	PersistCurrentRevisions: 0.032ms
	UnloadStreamsEnd: 0.001ms
	GenerateScriptTypeHashes: 2.607ms
	Untracked: 1498.410ms

Application.AssetDatabase Initial Refresh End
Scanning for USB devices : 1.515ms
Initializing Unity extensions:
[MODES] ModeService[none].Initialize
[MODES] ModeService[none].LoadModes
[MODES] Loading mode Default (0) for mode-current-id-ROKAS
Unloading 7 Unused Serialized files (Serialized files now loaded: 0)
Unloading 1634 unused Assets / (1.3 MB). Loaded Objects now: 2240.
Memory consumption went from 112.7 MB to 111.4 MB.
Total: 4.939200 ms (FindLiveObjects: 0.144500 ms CreateObjectMapping: 0.068500 ms MarkObjects: 4.129900 ms  DeleteObjects: 0.595100 ms)

Asset Pipeline Refresh (id=a1a0eae3d6a0f544991798f8e1f914ad): Total: 0.005 seconds - Initiated by RefreshV2(NoUpdateAssetOptions)
Start importing Assets/Rokas/Art/CombatActors/Keiko/Normal attack.fbx using Guid(887cb91d98c551042b321eba3da2f7da) (FBXImporter)Keyframe reduction: Ratio: 43.485088%;
 -> (artifact id: '33dea39ba5775ffc5a1ba727149f3534') in 0.1000672 seconds
Refreshing native plugins compatible for Editor in 0.13 ms, found 0 plugins.
Preloading 0 native plugins for Editor in 0.00 ms.
Asset Pipeline Refresh (id=f21623b93fdd3f64cba834f8f5c409cc): Total: 0.133 seconds - Initiated by StopAssetImportingV2(NoUpdateAssetOptions)
Start importing Assets/Rokas/Art/CombatActors/Keiko/Hard jump attack.fbx using Guid(561fdb015f299d54e9f507fceee52ec5) (FBXImporter)Keyframe reduction: Ratio: 33.884590%;
 -> (artifact id: '7cebc5456b63929839dc19ba971a6fa4') in 0.0981564 seconds
Refreshing native plugins compatible for Editor in 0.22 ms, found 0 plugins.
Preloading 0 native plugins for Editor in 0.00 ms.
Asset Pipeline Refresh (id=1f12e72c11c198542bbe8a2f08f07372): Total: 0.115 seconds - Initiated by StopAssetImportingV2(NoUpdateAssetOptions)
Start importing Assets/Rokas/Art/CombatActors/Weapons/KeikoSword/metal+sword+3d+model.fbx using Guid(f6a04fc5b9beb964fb743a3cb9fa9c56) (FBXImporter) -> (artifact id: 'd74eed1d319fe22a3d4596d9d58b8b44') in 0.2060303 seconds
Refreshing native plugins compatible for Editor in 0.18 ms, found 0 plugins.
Preloading 0 native plugins for Editor in 0.00 ms.
Asset Pipeline Refresh (id=4a7aef654e0bc0f498f386ac644395a3): Total: 0.222 seconds - Initiated by StopAssetImportingV2(NoUpdateAssetOptions)
Launched and connected shader compiler UnityShaderCompiler.exe after 0.01 seconds
Asset Pipeline Refresh (id=5125dcdf52c71654c9d357831b1d494f): Total: 0.004 seconds - Initiated by StopAssetImportingV2(NoUpdateAssetOptions)
Start importing Assets/Rokas/Art/CombatActors/Clips/Mina_Magic_attack.anim using Guid(006ade6f1ccad204fa7f503835a9363d) (NativeFormatImporter) -> (artifact id: '4d5006de0eb0cfff6c5483498a10a8ae') in 0.0012999 seconds
Start importing Assets/Rokas/Art/CombatActors/Clips/Keiko_Run_to_hit_enemies.anim using Guid(b28cbddd192513449b913d9e1ff83422) (NativeFormatImporter) -> (artifact id: 'e6d3b0a42e2dff64562115c1331cc734') in 0.0022988 seconds
Start importing Assets/Rokas/Art/CombatActors/Clips/Yokai_Hit.anim using Guid(034136f787a5af849bedf3bbbdbb2a78) (NativeFormatImporter) -> (artifact id: '14acb488a5ea0e02ac621cfdd96e8920') in 0.0013191 seconds
Start importing Assets/Rokas/Art/CombatActors/Clips/Keiko_Run_Back_after_hit.anim using Guid(23699d70a5a5e4246a8c361d514e8ad6) (NativeFormatImporter) -> (artifact id: '0c0d1f72ae725021b797db4f5133d3fe') in 0.0019283 seconds
Start importing Assets/Rokas/Art/CombatActors/Clips/Mina_anime_girl_character_3d_model_Standing_Idle.anim using Guid(33c2a82f9b580434bbe342946acd0610) (NativeFormatImporter) -> (artifact id: 'fcfa541c05201c769e7f6639adcd6882') in 0.0008697 seconds
Start importing Assets/Rokas/Art/CombatActors/Clips/Yokai_Death.anim using Guid(a3c3c9383fb756a419660b33c37f108b) (NativeFormatImporter) -> (artifact id: '75d2b4660e218be2ed16b1d4f6be5986') in 0.0009687 seconds
Start importing Assets/Rokas/Art/CombatActors/Clips/Yokai_Walking_to_attack.anim using Guid(54808b2d7188e5043b51b3f94ab7ad20) (NativeFormatImporter) -> (artifact id: 'c14f938aae63f843e6290cc4bddc8e28') in 0.0009533 seconds
Start importing Assets/Rokas/Art/CombatActors/Clips/Mina_hit_2.anim using Guid(258bc4b087533a64e9ce3b4af8b488c2) (NativeFormatImporter) -> (artifact id: '4130a52b794e6467048e49007dfffe95') in 0.0009315 seconds
Start importing Assets/Rokas/Art/CombatActors/Clips/Keiko_Keiko_Idle.anim using Guid(e5a163ef5767c3e41b771d0e42ead535) (NativeFormatImporter) -> (artifact id: 'b2970260345bc0d6dfa0a699552a9405') in 0.000866 seconds
Start importing Assets/Rokas/Art/CombatActors/Clips/Yokai_hit_2.anim using Guid(46672f096a514f34da7814def8b9c5c1) (NativeFormatImporter) -> (artifact id: 'a9b9c42f882faff9837b30015eede03d') in 0.0009808 seconds
Start importing Assets/Rokas/Art/CombatActors/Weapons/KeikoSword/KeikoSword.mat using Guid(a6030b6603d76eb43b6cf4fce97ab99a) (NativeFormatImporter) -> (artifact id: '0c2eeaa0fae4aa730a71fa8f0f274f6f') in 0.0008421 seconds
Start importing Assets/Rokas/Art/CombatActors/Clips/Yokai_Still_stance.anim using Guid(576ad4a8390dd6347bd4fd5bfa463862) (NativeFormatImporter) -> (artifact id: '0e526b53d6fe914be158fedd285a991c') in 0.0010374 seconds
Start importing Assets/Rokas/Art/CombatActors/Materials/Keiko.mat using Guid(a7eb21dd960e73943a37f19140f63ce0) (NativeFormatImporter) -> (artifact id: 'af52e3fd3dcc16173236626f0ab6c49a') in 0.0007692 seconds
Start importing Assets/Rokas/Art/CombatActors/Clips/Mina_hit.anim using Guid(b94e7bf8ffdb2574cb0c6f8ac88f6f33) (NativeFormatImporter) -> (artifact id: 'c1058bd15afd4d73aa8b36a7450fd9d6') in 0.0008066 seconds
Start importing Assets/Rokas/Art/CombatActors/Clips/Keiko_Normal_attack.anim using Guid(aa77631668d93e5459ecf9b0d6c54c9a) (NativeFormatImporter) -> (artifact id: '88e2d8084bb351ca09d4cd0b1e8263ca') in 0.0027896 seconds
Start importing Assets/Rokas/Art/CombatActors/Clips/Yokai_Jump_attack.anim using Guid(0bab50ef231bac940a718725d605efd2) (NativeFormatImporter) -> (artifact id: 'b2177de41af9366e6022706b3bc676d4') in 0.0009986 seconds
Start importing Assets/Rokas/Art/CombatActors/Materials/Mina.mat using Guid(eb85fd7513569204991315f9cd84ec74) (NativeFormatImporter) -> (artifact id: 'b9c4562dc762e1e92228caa651b3b0c6') in 0.0007657 seconds
Start importing Assets/Rokas/Art/CombatActors/Clips/Yokai_Attack.anim using Guid(cc57d2b9f38e6d747a6a1505256271d6) (NativeFormatImporter) -> (artifact id: '71c6435dc5c9680313890b7538851a41') in 0.0009826 seconds
Start importing Assets/Rokas/Art/CombatActors/Clips/Mina_Attack.anim using Guid(cd5d0fa225462c84a82d1c821b13ad91) (NativeFormatImporter) -> (artifact id: '4529196dd1b22ba98c7a2537f4628a14') in 0.0009684 seconds
Start importing Assets/Rokas/Art/CombatActors/Materials/Yokai.mat using Guid(ce76816c2418c414b8eaa22619cc21aa) (NativeFormatImporter) -> (artifact id: 'ef5cd964f8d04a7488c5f1c23fd8d6da') in 0.0008666 seconds
Start importing Assets/Rokas/Art/CombatActors/Clips/Keiko_Hard_jump_attack.anim using Guid(6f04fdd0f7bc63f4e940879d2fa242bb) (NativeFormatImporter) -> (artifact id: 'ec40dc50d8c3be3839a7065fc99f50f5') in 0.0039007 seconds
Start importing Assets/Rokas/Resources/Combat/ReactiveCombatActorLibrary.asset using Guid(6b147f2214d73a74d9c07417e08a2558) (NativeFormatImporter) -> (artifact id: '55b8a3a5d98d308dabe31e4fd25e2090') in 0.0010096 seconds
Refreshing native plugins compatible for Editor in 0.17 ms, found 0 plugins.
Preloading 0 native plugins for Editor in 0.00 ms.
Asset Pipeline Refresh (id=f0ccc95b6c344e64997000d24d13fca8): Total: 0.050 seconds - Initiated by StopAssetImportingV2(NoUpdateAssetOptions)
Combat actor Keiko: transforms=35, renderer bounds=(0.856, 1.111, 0.857), source materials=1, source textured=0, runtime material=Keiko, runtime textured=True
UnityEngine.Debug:ExtractStackTraceNoAlloc (byte*,int,string)
UnityEngine.StackTraceUtility:ExtractStackTrace ()
UnityEngine.DebugLogHandler:Internal_Log (UnityEngine.LogType,UnityEngine.LogOption,string,UnityEngine.Object)
UnityEngine.DebugLogHandler:LogFormat (UnityEngine.LogType,UnityEngine.Object,string,object[])
UnityEngine.Logger:Log (UnityEngine.LogType,object)
UnityEngine.Debug:Log (object)
Rokas.Editor.ReactiveCombatActorLibraryBuilder:Verify (string,Rokas.Presentation.ReactiveCombatActorClips) (at Assets/Rokas/Scripts/Editor/ReactiveCombatActorLibraryBuilder.cs:288)
Rokas.Editor.ReactiveCombatActorLibraryBuilder:Build () (at Assets/Rokas/Scripts/Editor/ReactiveCombatActorLibraryBuilder.cs:92)

(Filename: Assets/Rokas/Scripts/Editor/ReactiveCombatActorLibraryBuilder.cs Line: 288)

Combat clip Keiko/Keiko_Keiko_Idle: legacy=True, length=3,467s, bindings=175, matching model paths=175
UnityEngine.Debug:ExtractStackTraceNoAlloc (byte*,int,string)
UnityEngine.StackTraceUtility:ExtractStackTrace ()
UnityEngine.DebugLogHandler:Internal_Log (UnityEngine.LogType,UnityEngine.LogOption,string,UnityEngine.Object)
UnityEngine.DebugLogHandler:LogFormat (UnityEngine.LogType,UnityEngine.Object,string,object[])
UnityEngine.Logger:Log (UnityEngine.LogType,object)
UnityEngine.Debug:Log (object)
Rokas.Editor.ReactiveCombatActorLibraryBuilder:Verify (string,Rokas.Presentation.ReactiveCombatActorClips) (at Assets/Rokas/Scripts/Editor/ReactiveCombatActorLibraryBuilder.cs:301)
Rokas.Editor.ReactiveCombatActorLibraryBuilder:Build () (at Assets/Rokas/Scripts/Editor/ReactiveCombatActorLibraryBuilder.cs:92)

(Filename: Assets/Rokas/Scripts/Editor/ReactiveCombatActorLibraryBuilder.cs Line: 301)

Combat clip Keiko/Keiko_Normal_attack: legacy=True, length=1,267s, bindings=173, matching model paths=173
UnityEngine.Debug:ExtractStackTraceNoAlloc (byte*,int,string)
UnityEngine.StackTraceUtility:ExtractStackTrace ()
UnityEngine.DebugLogHandler:Internal_Log (UnityEngine.LogType,UnityEngine.LogOption,string,UnityEngine.Object)
UnityEngine.DebugLogHandler:LogFormat (UnityEngine.LogType,UnityEngine.Object,string,object[])
UnityEngine.Logger:Log (UnityEngine.LogType,object)
UnityEngine.Debug:Log (object)
Rokas.Editor.ReactiveCombatActorLibraryBuilder:Verify (string,Rokas.Presentation.ReactiveCombatActorClips) (at Assets/Rokas/Scripts/Editor/ReactiveCombatActorLibraryBuilder.cs:301)
Rokas.Editor.ReactiveCombatActorLibraryBuilder:Build () (at Assets/Rokas/Scripts/Editor/ReactiveCombatActorLibraryBuilder.cs:92)

(Filename: Assets/Rokas/Scripts/Editor/ReactiveCombatActorLibraryBuilder.cs Line: 301)

Combat clip Keiko/Keiko_Hard_jump_attack: legacy=True, length=1,900s, bindings=173, matching model paths=173
UnityEngine.Debug:ExtractStackTraceNoAlloc (byte*,int,string)
UnityEngine.StackTraceUtility:ExtractStackTrace ()
UnityEngine.DebugLogHandler:Internal_Log (UnityEngine.LogType,UnityEngine.LogOption,string,UnityEngine.Object)
UnityEngine.DebugLogHandler:LogFormat (UnityEngine.LogType,UnityEngine.Object,string,object[])
UnityEngine.Logger:Log (UnityEngine.LogType,object)
UnityEngine.Debug:Log (object)
Rokas.Editor.ReactiveCombatActorLibraryBuilder:Verify (string,Rokas.Presentation.ReactiveCombatActorClips) (at Assets/Rokas/Scripts/Editor/ReactiveCombatActorLibraryBuilder.cs:301)
Rokas.Editor.ReactiveCombatActorLibraryBuilder:Build () (at Assets/Rokas/Scripts/Editor/ReactiveCombatActorLibraryBuilder.cs:92)

(Filename: Assets/Rokas/Scripts/Editor/ReactiveCombatActorLibraryBuilder.cs Line: 301)

Combat clip Keiko/Keiko_Run_to_hit_enemies: legacy=True, length=0,900s, bindings=173, matching model paths=173
UnityEngine.Debug:ExtractStackTraceNoAlloc (byte*,int,string)
UnityEngine.StackTraceUtility:ExtractStackTrace ()
UnityEngine.DebugLogHandler:Internal_Log (UnityEngine.LogType,UnityEngine.LogOption,string,UnityEngine.Object)
UnityEngine.DebugLogHandler:LogFormat (UnityEngine.LogType,UnityEngine.Object,string,object[])
UnityEngine.Logger:Log (UnityEngine.LogType,object)
UnityEngine.Debug:Log (object)
Rokas.Editor.ReactiveCombatActorLibraryBuilder:Verify (string,Rokas.Presentation.ReactiveCombatActorClips) (at Assets/Rokas/Scripts/Editor/ReactiveCombatActorLibraryBuilder.cs:301)
Rokas.Editor.ReactiveCombatActorLibraryBuilder:Build () (at Assets/Rokas/Scripts/Editor/ReactiveCombatActorLibraryBuilder.cs:92)

(Filename: Assets/Rokas/Scripts/Editor/ReactiveCombatActorLibraryBuilder.cs Line: 301)

Combat clip Keiko/Keiko_Run_Back_after_hit: legacy=True, length=0,767s, bindings=173, matching model paths=173
UnityEngine.Debug:ExtractStackTraceNoAlloc (byte*,int,string)
UnityEngine.StackTraceUtility:ExtractStackTrace ()
UnityEngine.DebugLogHandler:Internal_Log (UnityEngine.LogType,UnityEngine.LogOption,string,UnityEngine.Object)
UnityEngine.DebugLogHandler:LogFormat (UnityEngine.LogType,UnityEngine.Object,string,object[])
UnityEngine.Logger:Log (UnityEngine.LogType,object)
UnityEngine.Debug:Log (object)
Rokas.Editor.ReactiveCombatActorLibraryBuilder:Verify (string,Rokas.Presentation.ReactiveCombatActorClips) (at Assets/Rokas/Scripts/Editor/ReactiveCombatActorLibraryBuilder.cs:301)
Rokas.Editor.ReactiveCombatActorLibraryBuilder:Build () (at Assets/Rokas/Scripts/Editor/ReactiveCombatActorLibraryBuilder.cs:92)

(Filename: Assets/Rokas/Scripts/Editor/ReactiveCombatActorLibraryBuilder.cs Line: 301)

Combat actor Mina: transforms=35, renderer bounds=(0.995, 1.066, 0.942), source materials=1, source textured=0, runtime material=Mina, runtime textured=True
UnityEngine.Debug:ExtractStackTraceNoAlloc (byte*,int,string)
UnityEngine.StackTraceUtility:ExtractStackTrace ()
UnityEngine.DebugLogHandler:Internal_Log (UnityEngine.LogType,UnityEngine.LogOption,string,UnityEngine.Object)
UnityEngine.DebugLogHandler:LogFormat (UnityEngine.LogType,UnityEngine.Object,string,object[])
UnityEngine.Logger:Log (UnityEngine.LogType,object)
UnityEngine.Debug:Log (object)
Rokas.Editor.ReactiveCombatActorLibraryBuilder:Verify (string,Rokas.Presentation.ReactiveCombatActorClips) (at Assets/Rokas/Scripts/Editor/ReactiveCombatActorLibraryBuilder.cs:288)
Rokas.Editor.ReactiveCombatActorLibraryBuilder:Build () (at Assets/Rokas/Scripts/Editor/ReactiveCombatActorLibraryBuilder.cs:93)

(Filename: Assets/Rokas/Scripts/Editor/ReactiveCombatActorLibraryBuilder.cs Line: 288)

Combat clip Mina/Mina_anime_girl_character_3d_model_Standing_Idle: legacy=True, length=1,833s, bindings=175, matching model paths=175
UnityEngine.Debug:ExtractStackTraceNoAlloc (byte*,int,string)
UnityEngine.StackTraceUtility:ExtractStackTrace ()
UnityEngine.DebugLogHandler:Internal_Log (UnityEngine.LogType,UnityEngine.LogOption,string,UnityEngine.Object)
UnityEngine.DebugLogHandler:LogFormat (UnityEngine.LogType,UnityEngine.Object,string,object[])
UnityEngine.Logger:Log (UnityEngine.LogType,object)
UnityEngine.Debug:Log (object)
Rokas.Editor.ReactiveCombatActorLibraryBuilder:Verify (string,Rokas.Presentation.ReactiveCombatActorClips) (at Assets/Rokas/Scripts/Editor/ReactiveCombatActorLibraryBuilder.cs:301)
Rokas.Editor.ReactiveCombatActorLibraryBuilder:Build () (at Assets/Rokas/Scripts/Editor/ReactiveCombatActorLibraryBuilder.cs:93)

(Filename: Assets/Rokas/Scripts/Editor/ReactiveCombatActorLibraryBuilder.cs Line: 301)

Combat clip Mina/Mina_Attack: legacy=True, length=2,300s, bindings=175, matching model paths=175
UnityEngine.Debug:ExtractStackTraceNoAlloc (byte*,int,string)
UnityEngine.StackTraceUtility:ExtractStackTrace ()
UnityEngine.DebugLogHandler:Internal_Log (UnityEngine.LogType,UnityEngine.LogOption,string,UnityEngine.Object)
UnityEngine.DebugLogHandler:LogFormat (UnityEngine.LogType,UnityEngine.Object,string,object[])
UnityEngine.Logger:Log (UnityEngine.LogType,object)
UnityEngine.Debug:Log (object)
Rokas.Editor.ReactiveCombatActorLibraryBuilder:Verify (string,Rokas.Presentation.ReactiveCombatActorClips) (at Assets/Rokas/Scripts/Editor/ReactiveCombatActorLibraryBuilder.cs:301)
Rokas.Editor.ReactiveCombatActorLibraryBuilder:Build () (at Assets/Rokas/Scripts/Editor/ReactiveCombatActorLibraryBuilder.cs:93)

(Filename: Assets/Rokas/Scripts/Editor/ReactiveCombatActorLibraryBuilder.cs Line: 301)

Combat clip Mina/Mina_Magic_attack: legacy=True, length=2,667s, bindings=175, matching model paths=175
UnityEngine.Debug:ExtractStackTraceNoAlloc (byte*,int,string)
UnityEngine.StackTraceUtility:ExtractStackTrace ()
UnityEngine.DebugLogHandler:Internal_Log (UnityEngine.LogType,UnityEngine.LogOption,string,UnityEngine.Object)
UnityEngine.DebugLogHandler:LogFormat (UnityEngine.LogType,UnityEngine.Object,string,object[])
UnityEngine.Logger:Log (UnityEngine.LogType,object)
UnityEngine.Debug:Log (object)
Rokas.Editor.ReactiveCombatActorLibraryBuilder:Verify (string,Rokas.Presentation.ReactiveCombatActorClips) (at Assets/Rokas/Scripts/Editor/ReactiveCombatActorLibraryBuilder.cs:301)
Rokas.Editor.ReactiveCombatActorLibraryBuilder:Build () (at Assets/Rokas/Scripts/Editor/ReactiveCombatActorLibraryBuilder.cs:93)

(Filename: Assets/Rokas/Scripts/Editor/ReactiveCombatActorLibraryBuilder.cs Line: 301)

Combat clip Mina/Mina_hit: legacy=True, length=1,333s, bindings=175, matching model paths=175
UnityEngine.Debug:ExtractStackTraceNoAlloc (byte*,int,string)
UnityEngine.StackTraceUtility:ExtractStackTrace ()
UnityEngine.DebugLogHandler:Internal_Log (UnityEngine.LogType,UnityEngine.LogOption,string,UnityEngine.Object)
UnityEngine.DebugLogHandler:LogFormat (UnityEngine.LogType,UnityEngine.Object,string,object[])
UnityEngine.Logger:Log (UnityEngine.LogType,object)
UnityEngine.Debug:Log (object)
Rokas.Editor.ReactiveCombatActorLibraryBuilder:Verify (string,Rokas.Presentation.ReactiveCombatActorClips) (at Assets/Rokas/Scripts/Editor/ReactiveCombatActorLibraryBuilder.cs:301)
Rokas.Editor.ReactiveCombatActorLibraryBuilder:Build () (at Assets/Rokas/Scripts/Editor/ReactiveCombatActorLibraryBuilder.cs:93)

(Filename: Assets/Rokas/Scripts/Editor/ReactiveCombatActorLibraryBuilder.cs Line: 301)

Combat clip Mina/Mina_hit_2: legacy=True, length=1,333s, bindings=175, matching model paths=175
UnityEngine.Debug:ExtractStackTraceNoAlloc (byte*,int,string)
UnityEngine.StackTraceUtility:ExtractStackTrace ()
UnityEngine.DebugLogHandler:Internal_Log (UnityEngine.LogType,UnityEngine.LogOption,string,UnityEngine.Object)
UnityEngine.DebugLogHandler:LogFormat (UnityEngine.LogType,UnityEngine.Object,string,object[])
UnityEngine.Logger:Log (UnityEngine.LogType,object)
UnityEngine.Debug:Log (object)
Rokas.Editor.ReactiveCombatActorLibraryBuilder:Verify (string,Rokas.Presentation.ReactiveCombatActorClips) (at Assets/Rokas/Scripts/Editor/ReactiveCombatActorLibraryBuilder.cs:301)
Rokas.Editor.ReactiveCombatActorLibraryBuilder:Build () (at Assets/Rokas/Scripts/Editor/ReactiveCombatActorLibraryBuilder.cs:93)

(Filename: Assets/Rokas/Scripts/Editor/ReactiveCombatActorLibraryBuilder.cs Line: 301)

Combat actor Yokai: transforms=67, renderer bounds=(0.658, 1.207, 0.890), source materials=1, source textured=0, runtime material=Yokai, runtime textured=True
UnityEngine.Debug:ExtractStackTraceNoAlloc (byte*,int,string)
UnityEngine.StackTraceUtility:ExtractStackTrace ()
UnityEngine.DebugLogHandler:Internal_Log (UnityEngine.LogType,UnityEngine.LogOption,string,UnityEngine.Object)
UnityEngine.DebugLogHandler:LogFormat (UnityEngine.LogType,UnityEngine.Object,string,object[])
UnityEngine.Logger:Log (UnityEngine.LogType,object)
UnityEngine.Debug:Log (object)
Rokas.Editor.ReactiveCombatActorLibraryBuilder:Verify (string,Rokas.Presentation.ReactiveCombatActorClips) (at Assets/Rokas/Scripts/Editor/ReactiveCombatActorLibraryBuilder.cs:288)
Rokas.Editor.ReactiveCombatActorLibraryBuilder:Build () (at Assets/Rokas/Scripts/Editor/ReactiveCombatActorLibraryBuilder.cs:94)

(Filename: Assets/Rokas/Scripts/Editor/ReactiveCombatActorLibraryBuilder.cs Line: 288)

Combat clip Yokai/Yokai_Still_stance: legacy=True, length=5,333s, bindings=355, matching model paths=355
UnityEngine.Debug:ExtractStackTraceNoAlloc (byte*,int,string)
UnityEngine.StackTraceUtility:ExtractStackTrace ()
UnityEngine.DebugLogHandler:Internal_Log (UnityEngine.LogType,UnityEngine.LogOption,string,UnityEngine.Object)
UnityEngine.DebugLogHandler:LogFormat (UnityEngine.LogType,UnityEngine.Object,string,object[])
UnityEngine.Logger:Log (UnityEngine.LogType,object)
UnityEngine.Debug:Log (object)
Rokas.Editor.ReactiveCombatActorLibraryBuilder:Verify (string,Rokas.Presentation.ReactiveCombatActorClips) (at Assets/Rokas/Scripts/Editor/ReactiveCombatActorLibraryBuilder.cs:301)
Rokas.Editor.ReactiveCombatActorLibraryBuilder:Build () (at Assets/Rokas/Scripts/Editor/ReactiveCombatActorLibraryBuilder.cs:94)

(Filename: Assets/Rokas/Scripts/Editor/ReactiveCombatActorLibraryBuilder.cs Line: 301)

Combat clip Yokai/Yokai_Attack: legacy=True, length=3,567s, bindings=355, matching model paths=355
UnityEngine.Debug:ExtractStackTraceNoAlloc (byte*,int,string)
UnityEngine.StackTraceUtility:ExtractStackTrace ()
UnityEngine.DebugLogHandler:Internal_Log (UnityEngine.LogType,UnityEngine.LogOption,string,UnityEngine.Object)
UnityEngine.DebugLogHandler:LogFormat (UnityEngine.LogType,UnityEngine.Object,string,object[])
UnityEngine.Logger:Log (UnityEngine.LogType,object)
UnityEngine.Debug:Log (object)
Rokas.Editor.ReactiveCombatActorLibraryBuilder:Verify (string,Rokas.Presentation.ReactiveCombatActorClips) (at Assets/Rokas/Scripts/Editor/ReactiveCombatActorLibraryBuilder.cs:301)
Rokas.Editor.ReactiveCombatActorLibraryBuilder:Build () (at Assets/Rokas/Scripts/Editor/ReactiveCombatActorLibraryBuilder.cs:94)

(Filename: Assets/Rokas/Scripts/Editor/ReactiveCombatActorLibraryBuilder.cs Line: 301)

Combat clip Yokai/Yokai_Jump_attack: legacy=True, length=2,467s, bindings=355, matching model paths=355
UnityEngine.Debug:ExtractStackTraceNoAlloc (byte*,int,string)
UnityEngine.StackTraceUtility:ExtractStackTrace ()
UnityEngine.DebugLogHandler:Internal_Log (UnityEngine.LogType,UnityEngine.LogOption,string,UnityEngine.Object)
UnityEngine.DebugLogHandler:LogFormat (UnityEngine.LogType,UnityEngine.Object,string,object[])
UnityEngine.Logger:Log (UnityEngine.LogType,object)
UnityEngine.Debug:Log (object)
Rokas.Editor.ReactiveCombatActorLibraryBuilder:Verify (string,Rokas.Presentation.ReactiveCombatActorClips) (at Assets/Rokas/Scripts/Editor/ReactiveCombatActorLibraryBuilder.cs:301)
Rokas.Editor.ReactiveCombatActorLibraryBuilder:Build () (at Assets/Rokas/Scripts/Editor/ReactiveCombatActorLibraryBuilder.cs:94)

(Filename: Assets/Rokas/Scripts/Editor/ReactiveCombatActorLibraryBuilder.cs Line: 301)

Combat clip Yokai/Yokai_Hit: legacy=True, length=1,433s, bindings=355, matching model paths=355
UnityEngine.Debug:ExtractStackTraceNoAlloc (byte*,int,string)
UnityEngine.StackTraceUtility:ExtractStackTrace ()
UnityEngine.DebugLogHandler:Internal_Log (UnityEngine.LogType,UnityEngine.LogOption,string,UnityEngine.Object)
UnityEngine.DebugLogHandler:LogFormat (UnityEngine.LogType,UnityEngine.Object,string,object[])
UnityEngine.Logger:Log (UnityEngine.LogType,object)
UnityEngine.Debug:Log (object)
Rokas.Editor.ReactiveCombatActorLibraryBuilder:Verify (string,Rokas.Presentation.ReactiveCombatActorClips) (at Assets/Rokas/Scripts/Editor/ReactiveCombatActorLibraryBuilder.cs:301)
Rokas.Editor.ReactiveCombatActorLibraryBuilder:Build () (at Assets/Rokas/Scripts/Editor/ReactiveCombatActorLibraryBuilder.cs:94)

(Filename: Assets/Rokas/Scripts/Editor/ReactiveCombatActorLibraryBuilder.cs Line: 301)

Combat clip Yokai/Yokai_hit_2: legacy=True, length=1,200s, bindings=355, matching model paths=355
UnityEngine.Debug:ExtractStackTraceNoAlloc (byte*,int,string)
UnityEngine.StackTraceUtility:ExtractStackTrace ()
UnityEngine.DebugLogHandler:Internal_Log (UnityEngine.LogType,UnityEngine.LogOption,string,UnityEngine.Object)
UnityEngine.DebugLogHandler:LogFormat (UnityEngine.LogType,UnityEngine.Object,string,object[])
UnityEngine.Logger:Log (UnityEngine.LogType,object)
UnityEngine.Debug:Log (object)
Rokas.Editor.ReactiveCombatActorLibraryBuilder:Verify (string,Rokas.Presentation.ReactiveCombatActorClips) (at Assets/Rokas/Scripts/Editor/ReactiveCombatActorLibraryBuilder.cs:301)
Rokas.Editor.ReactiveCombatActorLibraryBuilder:Build () (at Assets/Rokas/Scripts/Editor/ReactiveCombatActorLibraryBuilder.cs:94)

(Filename: Assets/Rokas/Scripts/Editor/ReactiveCombatActorLibraryBuilder.cs Line: 301)

Combat clip Yokai/Yokai_Death: legacy=True, length=2,767s, bindings=355, matching model paths=355
UnityEngine.Debug:ExtractStackTraceNoAlloc (byte*,int,string)
UnityEngine.StackTraceUtility:ExtractStackTrace ()
UnityEngine.DebugLogHandler:Internal_Log (UnityEngine.LogType,UnityEngine.LogOption,string,UnityEngine.Object)
UnityEngine.DebugLogHandler:LogFormat (UnityEngine.LogType,UnityEngine.Object,string,object[])
UnityEngine.Logger:Log (UnityEngine.LogType,object)
UnityEngine.Debug:Log (object)
Rokas.Editor.ReactiveCombatActorLibraryBuilder:Verify (string,Rokas.Presentation.ReactiveCombatActorClips) (at Assets/Rokas/Scripts/Editor/ReactiveCombatActorLibraryBuilder.cs:301)
Rokas.Editor.ReactiveCombatActorLibraryBuilder:Build () (at Assets/Rokas/Scripts/Editor/ReactiveCombatActorLibraryBuilder.cs:94)

(Filename: Assets/Rokas/Scripts/Editor/ReactiveCombatActorLibraryBuilder.cs Line: 301)

Combat clip Yokai/Yokai_Walking_to_attack: legacy=True, length=0,467s, bindings=355, matching model paths=355
UnityEngine.Debug:ExtractStackTraceNoAlloc (byte*,int,string)
UnityEngine.StackTraceUtility:ExtractStackTrace ()
UnityEngine.DebugLogHandler:Internal_Log (UnityEngine.LogType,UnityEngine.LogOption,string,UnityEngine.Object)
UnityEngine.DebugLogHandler:LogFormat (UnityEngine.LogType,UnityEngine.Object,string,object[])
UnityEngine.Logger:Log (UnityEngine.LogType,object)
UnityEngine.Debug:Log (object)
Rokas.Editor.ReactiveCombatActorLibraryBuilder:Verify (string,Rokas.Presentation.ReactiveCombatActorClips) (at Assets/Rokas/Scripts/Editor/ReactiveCombatActorLibraryBuilder.cs:301)
Rokas.Editor.ReactiveCombatActorLibraryBuilder:Build () (at Assets/Rokas/Scripts/Editor/ReactiveCombatActorLibraryBuilder.cs:94)

(Filename: Assets/Rokas/Scripts/Editor/ReactiveCombatActorLibraryBuilder.cs Line: 301)

ReactiveCombatActorLibrary built at Assets/Rokas/Resources/Combat/ReactiveCombatActorLibrary.asset
UnityEngine.Debug:ExtractStackTraceNoAlloc (byte*,int,string)
UnityEngine.StackTraceUtility:ExtractStackTrace ()
UnityEngine.DebugLogHandler:Internal_Log (UnityEngine.LogType,UnityEngine.LogOption,string,UnityEngine.Object)
UnityEngine.DebugLogHandler:LogFormat (UnityEngine.LogType,UnityEngine.Object,string,object[])
UnityEngine.Logger:Log (UnityEngine.LogType,object)
UnityEngine.Debug:Log (object)
Rokas.Editor.ReactiveCombatActorLibraryBuilder:Build () (at Assets/Rokas/Scripts/Editor/ReactiveCombatActorLibraryBuilder.cs:96)

(Filename: Assets/Rokas/Scripts/Editor/ReactiveCombatActorLibraryBuilder.cs Line: 96)

Batchmode quit successfully invoked - shutting down!
[Physics::Module] Cleanup current backend.
[Physics::Module] Id: 0xf2b8ea05
Input System module state changed to: ShutdownInProgress.
Input System polling thread exited.
Input System module state changed to: Shutdown.
[Licensing::IpcConnector] LicenseClient-tim-notifications channel disconnected successfully.
[Licensing::IpcConnector] LicenseClient-tim channel disconnected successfully.
AcceleratorClientConnectionCallback - disconnected - :0
Cleanup mono
Exiting batchmode successfully now!
Exiting without the bug reporter. Application will terminate with return code 0