FBX version: 7700

FBX export starting... 'D:\\Rokas\\Rokas-FULL-R11-FINISHED-UI COPY\\Assets\\Rokas\\Art\\CombatActors\\Keiko\\Two handed sword block.fbx'
export finished in 0.1669 sec.
Info: Saved as "Two handed sword block.blend"
BAKED Two handed sword block 0.8 GRIP ERROR 1.6770272613846796e-07 TIP PEAK 3.2638447883093704
FBX version: 7700

FBX export starting... 'D:\\Rokas\\Rokas-FULL-R11-FINISHED-UI COPY\\Assets\\Rokas\\Art\\CombatActors\\Keiko\\Two handed dodge backstep.fbx'
export finished in 0.1625 sec.
Info: Saved as "Two handed dodge backstep.blend"
BAKED Two handed dodge backstep 0.8 GRIP ERROR 1.624243658527109e-07 TIP PEAK 1.908036917643964
FBX version: 7700

FBX export starting... 'D:\\Rokas\\Rokas-FULL-R11-FINISHED-UI COPY\\Assets\\Rokas\\Art\\CombatActors\\Keiko\\Normal preparation.fbx'
export finished in 0.1087 sec.
Info: Saved as "Normal preparation.blend"
BAKED Normal preparation 0.3 GRIP ERROR 1.679378881385345e-07 TIP PEAK 1.2799154330469393
FBX version: 7700

FBX export starting... 'D:\\Rokas\\Rokas-FULL-R11-FINISHED-UI COPY\\Assets\\Rokas\\Art\\CombatActors\\Keiko\\Heavy preparation.fbx'
export finished in 0.1405 sec.
Info: Saved as "Heavy preparation.blend"
BAKED Heavy preparation 0.4666666666666667 GRIP ERROR 1.818250807924088e-07 TIP PEAK 2.654574135084895
FBX version: 7700

FBX export starting... 'D:\\Rokas\\Rokas-FULL-R11-FINISHED-UI COPY\\Assets\\Rokas\\Art\\CombatActors\\Keiko\\Two handed approach.fbx'
export finished in 0.1772 sec.
Info: Saved as "Two handed approach.blend"
BAKED Two handed approach 0.9 GRIP ERROR 1.5454343343296305e-07 TIP PEAK 2.122951894181804
FBX version: 7700

FBX export starting... 'D:\\Rokas\\Rokas-FULL-R11-FINISHED-UI COPY\\Assets\\Rokas\\Art\\CombatActors\\Keiko\\Two handed return.fbx'
export finished in 0.1614 sec.
Info: Saved as "Two handed return.blend"
BAKED Two handed return 0.7666666666666667 GRIP ERROR 1.3978528260658472e-07 TIP PEAK 1.6761511276153755
FBX version: 7700

FBX export starting... 'D:\\Rokas\\Rokas-FULL-R11-FINISHED-UI COPY\\Assets\\Rokas\\Art\\CombatActors\\Keiko\\Enter battle corrected.fbx'
export finished in 0.1424 sec.
Info: Saved as "Enter battle corrected.blend"
BAKED Enter battle corrected 0.6 GRIP ERROR 1.301187962038292e-07 TIP PEAK 2.778901222809674
FBX version: 7700

FBX export starting... 'D:\\Rokas\\Rokas-FULL-R11-FINISHED-UI COPY\\Assets\\Rokas\\Art\\CombatActors\\Keiko\\Enter battle settle.fbx'
export finished in 0.1267 sec.
Info: Saved as "Enter battle settle.blend"
BAKED Enter battle settle 0.4666666666666667 GRIP ERROR 1.7285507556975158e-07 TIP PEAK 0.3373540393878731
FBX version: 7700

FBX export starting... 'D:\\Rokas\\Rokas-FULL-R11-FINISHED-UI COPY\\Assets\\Rokas\\Art\\CombatActors\\Yokai\\Claw attack corrected.fbx'
export finished in 1.0846 sec.
Info: Saved as "Claw attack corrected.blend"
BAKED YOKAI Claw attack corrected 1.2 0.55
FBX version: 7700

FBX export starting... 'D:\\Rokas\\Rokas-FULL-R11-FINISHED-UI COPY\\Assets\\Rokas\\Art\\CombatActors\\Yokai\\Claw heavy corrected.fbx'
export finished in 1.2070 sec.
Info: Saved as "Claw heavy corrected.blend"
BAKED YOKAI Claw heavy corrected 1.5 0.8
FBX version: 7700

FBX export starting... 'D:\\Rokas\\Rokas-FULL-R11-FINISHED-UI COPY\\Assets\\Rokas\\Art\\CombatActors\\Yokai\\Claw locomotion corrected.fbx'
export finished in 0.8664 sec.
Info: Saved as "Claw locomotion corrected.blend"
BAKED YOKAI Claw locomotion corrected 0.4666666666666667 None
Blender 5.2.2 LTS (hash d13f752e3b9c built 2026-09-15 01:37:04)

Blender quit
